  **********************************************************************
  ** Visual Studio 2026 Developer Command Prompt v18.10.1
  ** Copyright (c) 2026 Microsoft Corporation
  **********************************************************************
  
  CodeAsMetal build environment
    Configuration : Debug
    CMake preset  : windows-debug
    VCPKG_ROOT    : C:\dev\vcpkg-codeasmetal
    Vcpkg toolchain:
      C:\dev\vcpkg-codeasmetal\scripts\buildsystems\vcpkg.cmake
    VSINSTALLDIR  : C:\Program Files\Microsoft Visual Studio\18\Community\
  
  C:\Program Files\Microsoft Visual Studio\18\Community\Common7\IDE\CommonExtensions\Microsoft\CMake\CMake\bin\cmake.exe
  C:\msys64\ucrt64\bin\cmake.exe
  cmake version 4.3.1-msvc1
  
  CMake suite maintained and supported by Kitware (kitware.com/cmake).
  C:\Program Files\Microsoft Visual Studio\18\Community\Common7\IDE\CommonExtensions\Microsoft\CMake\Ninja\ninja.exe
  C:\msys64\ucrt64\bin\ninja.exe
  
  Configuring CodeAsMetal...
  
  -- Configuring done (0.5s)
  -- Generating done (0.1s)
EXEC : CMake warning : 
    Manually-specified variables were not used by the project:
  
      CMAKE_TOOLCHAIN_FILE
  
  
  -- Build files have been written to: C:/Users/oscar/Downloads/CodeAsMetal_V1_VS2026/CodeAsMetal/out/build/windows-debug
  
  Building CodeAsMetal...
  
  ninja: no work to do.
  
  Running CodeAsMetal tests...
  
  Test project C:/Users/oscar/Downloads/CodeAsMetal_V1_VS2026/CodeAsMetal/out/build/windows-debug
        Start  1: CodeAsMetal/CoreBehavior.PreservesEngineeringInvariant/0
   1/24 Test  #1: CodeAsMetal/CoreBehavior.PreservesEngineeringInvariant/0 ....   Passed    0.02 sec
        Start  2: CodeAsMetal/CoreBehavior.PreservesEngineeringInvariant/1
   2/24 Test  #2: CodeAsMetal/CoreBehavior.PreservesEngineeringInvariant/1 ....   Passed    0.01 sec
        Start  3: CodeAsMetal/CoreBehavior.PreservesEngineeringInvariant/2
   3/24 Test  #3: CodeAsMetal/CoreBehavior.PreservesEngineeringInvariant/2 ....   Passed    0.01 sec
        Start  4: CodeAsMetal/CoreBehavior.PreservesEngineeringInvariant/3
   4/24 Test  #4: CodeAsMetal/CoreBehavior.PreservesEngineeringInvariant/3 ....   Passed    0.01 sec
        Start  5: CodeAsMetal/CoreBehavior.PreservesEngineeringInvariant/4
   5/24 Test  #5: CodeAsMetal/CoreBehavior.PreservesEngineeringInvariant/4 ....   Passed    0.01 sec
        Start  6: CodeAsMetal/CoreBehavior.PreservesEngineeringInvariant/5
   6/24 Test  #6: CodeAsMetal/CoreBehavior.PreservesEngineeringInvariant/5 ....   Passed    0.01 sec
        Start  7: CodeAsMetal/CoreBehavior.PreservesEngineeringInvariant/6
   7/24 Test  #7: CodeAsMetal/CoreBehavior.PreservesEngineeringInvariant/6 ....   Passed    0.01 sec
        Start  8: CodeAsMetal/CoreBehavior.PreservesEngineeringInvariant/7
   8/24 Test  #8: CodeAsMetal/CoreBehavior.PreservesEngineeringInvariant/7 ....   Passed    0.01 sec
        Start  9: CodeAsMetal/CoreBehavior.PreservesEngineeringInvariant/8
   9/24 Test  #9: CodeAsMetal/CoreBehavior.PreservesEngineeringInvariant/8 ....   Passed    0.01 sec
        Start 10: CodeAsMetal/CoreBehavior.PreservesEngineeringInvariant/9
  10/24 Test #10: CodeAsMetal/CoreBehavior.PreservesEngineeringInvariant/9 ....   Passed    0.01 sec
        Start 11: CodeAsMetal/CoreBehavior.PreservesEngineeringInvariant/10
  11/24 Test #11: CodeAsMetal/CoreBehavior.PreservesEngineeringInvariant/10 ...   Passed    0.01 sec
        Start 12: CodeAsMetal/CoreBehavior.PreservesEngineeringInvariant/11
  12/24 Test #12: CodeAsMetal/CoreBehavior.PreservesEngineeringInvariant/11 ...   Passed    0.01 sec
        Start 13: CodeAsMetal/CoreBehavior.PreservesEngineeringInvariant/12
  13/24 Test #13: CodeAsMetal/CoreBehavior.PreservesEngineeringInvariant/12 ...   Passed    0.01 sec
        Start 14: CodeAsMetal/CoreBehavior.PreservesEngineeringInvariant/13
  14/24 Test #14: CodeAsMetal/CoreBehavior.PreservesEngineeringInvariant/13 ...   Passed    0.01 sec
        Start 15: CodeAsMetal/CoreBehavior.PreservesEngineeringInvariant/14
  15/24 Test #15: CodeAsMetal/CoreBehavior.PreservesEngineeringInvariant/14 ...   Passed    0.12 sec
        Start 16: CodeAsMetal/CoreBehavior.PreservesEngineeringInvariant/15
  16/24 Test #16: CodeAsMetal/CoreBehavior.PreservesEngineeringInvariant/15 ...   Passed    0.12 sec
        Start 17: CodeAsMetal/CoreBehavior.PreservesEngineeringInvariant/16
  17/24 Test #17: CodeAsMetal/CoreBehavior.PreservesEngineeringInvariant/16 ...   Passed    0.01 sec
        Start 18: CodeAsMetal/CoreBehavior.PreservesEngineeringInvariant/17
  18/24 Test #18: CodeAsMetal/CoreBehavior.PreservesEngineeringInvariant/17 ...   Passed    0.01 sec
        Start 19: CodeAsMetal/CoreBehavior.PreservesEngineeringInvariant/18
  19/24 Test #19: CodeAsMetal/CoreBehavior.PreservesEngineeringInvariant/18 ...   Passed    0.01 sec
        Start 20: CodeAsMetal/CoreBehavior.PreservesEngineeringInvariant/19
  20/24 Test #20: CodeAsMetal/CoreBehavior.PreservesEngineeringInvariant/19 ...   Passed    0.01 sec
        Start 21: CodeAsMetal/CoreBehavior.PreservesEngineeringInvariant/20
  21/24 Test #21: CodeAsMetal/CoreBehavior.PreservesEngineeringInvariant/20 ...   Passed    0.01 sec
        Start 22: CodeAsMetal/CoreBehavior.PreservesEngineeringInvariant/21
  22/24 Test #22: CodeAsMetal/CoreBehavior.PreservesEngineeringInvariant/21 ...   Passed    0.01 sec
        Start 23: core-behavior
  23/24 Test #23: core-behavior ...............................................   Passed    0.02 sec
        Start 24: cad-and-document
  24/24 Test #24: cad-and-document ............................................   Passed    1.06 sec
  
  100% tests passed, 0 tests failed out of 24
  
  Total Test time (real) =   1.62 sec
  
  Deploying Qt runtime...
    Mode    : --debug
    qtpaths : C:\dev\vcpkg-codeasmetal\installed\x64-windows\tools\Qt6\bin\qtpaths.debug.bat
  
EXEC : warning : Translations will not be available due to the following error.
  Cannot open C:/dev/vcpkg-codeasmetal/installed/x64-windows/translations/Qt6/catalogs.json
  Adding local dependencyC:/Users/oscar/Downloads/CodeAsMetal_V1_VS2026/CodeAsMetal/out/build/windows-debug/TKOpenGl.dll
  Adding local dependencyC:/Users/oscar/Downloads/CodeAsMetal_V1_VS2026/CodeAsMetal/out/build/windows-debug/TKDESTEP.dll
  Adding local dependencyC:/Users/oscar/Downloads/CodeAsMetal_V1_VS2026/CodeAsMetal/out/build/windows-debug/TKXSBase.dll
  Adding local dependencyC:/Users/oscar/Downloads/CodeAsMetal_V1_VS2026/CodeAsMetal/out/build/windows-debug/TKDESTL.dll
  Adding local dependencyC:/Users/oscar/Downloads/CodeAsMetal_V1_VS2026/CodeAsMetal/out/build/windows-debug/TKV3d.dll
  Adding local dependencyC:/Users/oscar/Downloads/CodeAsMetal_V1_VS2026/CodeAsMetal/out/build/windows-debug/TKMesh.dll
  Adding local dependencyC:/Users/oscar/Downloads/CodeAsMetal_V1_VS2026/CodeAsMetal/out/build/windows-debug/TKBO.dll
  Adding local dependencyC:/Users/oscar/Downloads/CodeAsMetal_V1_VS2026/CodeAsMetal/out/build/windows-debug/TKPrim.dll
  Adding local dependencyC:/Users/oscar/Downloads/CodeAsMetal_V1_VS2026/CodeAsMetal/out/build/windows-debug/TKTopAlgo.dll
  Adding local dependencyC:/Users/oscar/Downloads/CodeAsMetal_V1_VS2026/CodeAsMetal/out/build/windows-debug/TKBRep.dll
  Adding local dependencyC:/Users/oscar/Downloads/CodeAsMetal_V1_VS2026/CodeAsMetal/out/build/windows-debug/TKG3d.dll
  Adding local dependencyC:/Users/oscar/Downloads/CodeAsMetal_V1_VS2026/CodeAsMetal/out/build/windows-debug/TKService.dll
  Adding local dependencyC:/Users/oscar/Downloads/CodeAsMetal_V1_VS2026/CodeAsMetal/out/build/windows-debug/TKMath.dll
  Adding local dependencyC:/Users/oscar/Downloads/CodeAsMetal_V1_VS2026/CodeAsMetal/out/build/windows-debug/TKernel.dll
  Adding local dependencyC:/Users/oscar/Downloads/CodeAsMetal_V1_VS2026/CodeAsMetal/out/build/windows-debug/MSVCP140D.dll
  Adding local dependencyC:/Users/oscar/Downloads/CodeAsMetal_V1_VS2026/CodeAsMetal/out/build/windows-debug/VCRUNTIME140D.dll
  Adding local dependencyC:/Users/oscar/Downloads/CodeAsMetal_V1_VS2026/CodeAsMetal/out/build/windows-debug/VCRUNTIME140_1D.dll
  Adding local dependencyC:/Users/oscar/Downloads/CodeAsMetal_V1_VS2026/CodeAsMetal/out/build/windows-debug/MSVCP140_1D.dll
  Adding local dependencyC:/Users/oscar/Downloads/CodeAsMetal_V1_VS2026/CodeAsMetal/out/build/windows-debug/libpng16d.dll
  Adding local dependencyC:/Users/oscar/Downloads/CodeAsMetal_V1_VS2026/CodeAsMetal/out/build/windows-debug/harfbuzz.dll
  Adding local dependencyC:/Users/oscar/Downloads/CodeAsMetal_V1_VS2026/CodeAsMetal/out/build/windows-debug/freetyped.dll
  Adding local dependencyC:/Users/oscar/Downloads/CodeAsMetal_V1_VS2026/CodeAsMetal/out/build/windows-debug/zlibd1.dll
  Adding local dependencyC:/Users/oscar/Downloads/CodeAsMetal_V1_VS2026/CodeAsMetal/out/build/windows-debug/MSVCP140_2D.dll
  Adding local dependencyC:/Users/oscar/Downloads/CodeAsMetal_V1_VS2026/CodeAsMetal/out/build/windows-debug/icuind78.dll
  Adding local dependencyC:/Users/oscar/Downloads/CodeAsMetal_V1_VS2026/CodeAsMetal/out/build/windows-debug/icuucd78.dll
  Adding local dependencyC:/Users/oscar/Downloads/CodeAsMetal_V1_VS2026/CodeAsMetal/out/build/windows-debug/double-conversion.dll
  Adding local dependencyC:/Users/oscar/Downloads/CodeAsMetal_V1_VS2026/CodeAsMetal/out/build/windows-debug/pcre2-16d.dll
  Adding local dependencyC:/Users/oscar/Downloads/CodeAsMetal_V1_VS2026/CodeAsMetal/out/build/windows-debug/zstd.dll
  Adding local dependencyC:/Users/oscar/Downloads/CodeAsMetal_V1_VS2026/CodeAsMetal/out/build/windows-debug/TKDE.dll
  Adding local dependencyC:/Users/oscar/Downloads/CodeAsMetal_V1_VS2026/CodeAsMetal/out/build/windows-debug/TKXCAF.dll
  Adding local dependencyC:/Users/oscar/Downloads/CodeAsMetal_V1_VS2026/CodeAsMetal/out/build/windows-debug/TKLCAF.dll
  Adding local dependencyC:/Users/oscar/Downloads/CodeAsMetal_V1_VS2026/CodeAsMetal/out/build/windows-debug/TKShHealing.dll
  Adding local dependencyC:/Users/oscar/Downloads/CodeAsMetal_V1_VS2026/CodeAsMetal/out/build/windows-debug/TKGeomBase.dll
  Adding local dependencyC:/Users/oscar/Downloads/CodeAsMetal_V1_VS2026/CodeAsMetal/out/build/windows-debug/TKG2d.dll
  Adding local dependencyC:/Users/oscar/Downloads/CodeAsMetal_V1_VS2026/CodeAsMetal/out/build/windows-debug/TKHLR.dll
  Adding local dependencyC:/Users/oscar/Downloads/CodeAsMetal_V1_VS2026/CodeAsMetal/out/build/windows-debug/TKGeomAlgo.dll
  Adding local dependencyC:/Users/oscar/Downloads/CodeAsMetal_V1_VS2026/CodeAsMetal/out/build/windows-debug/bz2d.dll
  Adding local dependencyC:/Users/oscar/Downloads/CodeAsMetal_V1_VS2026/CodeAsMetal/out/build/windows-debug/brotlidec.dll
  Adding local dependencyC:/Users/oscar/Downloads/CodeAsMetal_V1_VS2026/CodeAsMetal/out/build/windows-debug/icudtd78.dll
  Adding local dependencyC:/Users/oscar/Downloads/CodeAsMetal_V1_VS2026/CodeAsMetal/out/build/windows-debug/TKVCAF.dll
  Adding local dependencyC:/Users/oscar/Downloads/CodeAsMetal_V1_VS2026/CodeAsMetal/out/build/windows-debug/TKCAF.dll
  Adding local dependencyC:/Users/oscar/Downloads/CodeAsMetal_V1_VS2026/CodeAsMetal/out/build/windows-debug/TKCDF.dll
  Adding local dependencyC:/Users/oscar/Downloads/CodeAsMetal_V1_VS2026/CodeAsMetal/out/build/windows-debug/brotlicommon.dll
  C:\Users\oscar\Downloads\CodeAsMetal_V1_VS2026\CodeAsMetal\out\build\windows-debug\CodeAsMetal.exe 64 bit, debug executable
  Unable to locate ICU library icuind78.dll
  
EXEC : error : Qt runtime deployment failed.
  
  The application compiled and its tests completed, but the Qt runtime
  required for direct execution was not deployed successfully.
  
  
  CodeAsMetal build failed.
  
C:\Program Files\Microsoft Visual Studio\18\Community\MSBuild\Microsoft\VC\v180\Microsoft.MakeFile.Targets(45,5): error MSB3073: The command "call "C:\Users\oscar\Downloads\CodeAsMetal_V1_VS2026\CodeAsMetal\CodeAsMetal\..\scripts\build.cmd" Debug" exited with code 1.
